// Jest Snapshot v1, https://goo.gl/fbAQLP

exports[`No error 1`] = `null`;

exports[`With error 1`] = `
<div
  className="ui error message"
  style={
    Object {
      "backgroundColor": "mistyrose",
      "bottom": 0,
      "left": 0,
      "position": "fixed",
      "right": 0,
    }
  }
>
  <div
    className="ui right internal close rail"
  >
    <button
      className="ui red compact icon right floated button"
      onClick={[Function]}
    >
      <i
        aria-hidden="true"
        className="close icon"
        onClick={[Function]}
      />
    </button>
  </div>
  <b />
  <p>
    An error
  </p>
</div>
`;
